// Vitest Snapshot v1, https://vitest.dev/guide/snapshot.html

exports[`Artist component > renders correctly 1`] = `
<figure>
  <img
    alt="string"
    height="300"
    src="https://i.scdn.co/image/ab67616d00001e02ff9ca10b55ce82ae553c8228"
    width="300"
  />
  <figcaption>
    <h2>
      string
    </h2>
  </figcaption>
</figure>
`;
