// Jest Snapshot v1, https://goo.gl/fbAQLP

exports[`renders correctly 1`] = `
<form
  className="search"
  onSubmit={[Function]}
>
  <input
    className="search__input"
    type="search"
  />
</form>
`;
