// Vitest Snapshot v1, https://vitest.dev/guide/snapshot.html

exports[`renders correctly 1`] = `
<img
  alt=""
  height="100"
  src=""
  width="100"
/>
`;
