// Vitest Snapshot v1, https://vitest.dev/guide/snapshot.html

exports[`renders correctly 1`] = `
<button
  class="button"
  type="button"
>
  Button
</button>
`;
