// Vitest Snapshot v1, https://vitest.dev/guide/snapshot.html

exports[`renders correctly 1`] = `
<form
  class="search"
>
  <input
    class="search__input"
    type="search"
  />
</form>
`;
