// Jest Snapshot v1, https://goo.gl/fbAQLP

exports[`Albums component renders correctly 1`] = `
<ul
  className="albums"
/>
`;
