// Jest Snapshot v1, https://goo.gl/fbAQLP

exports[`Album component renders correctly 1`] = `
<div>
  <figure>
    <figcaption>
      <h3>
        <a
          href="/albums/"
        />
      </h3>
      <h4>
        <a
          href="/artists/"
        />
      </h4>
    </figcaption>
  </figure>
  <table>
    <tbody>
      <tr>
        <td>
          100
        </td>
        <td />
        <td>
          00:00
        </td>
      </tr>
    </tbody>
  </table>
</div>
`;
