// Jest Snapshot v1, https://goo.gl/fbAQLP

exports[`renders correctly 1`] = `
<figure>
  <figcaption>
    <a
      href="/users//playlists/"
      onClick={[Function]}
    >
      
    </a>
  </figcaption>
</figure>
`;
