// Jest Snapshot v1, https://goo.gl/fbAQLP

exports[`renders correctly 1`] = `
<div>
  <figure>
    <figcaption>
      <h3>
        <a
          href="/albums/"
          onClick={[Function]}
        >
          
        </a>
      </h3>
    </figcaption>
  </figure>
</div>
`;
