// Jest Snapshot v1, https://goo.gl/fbAQLP

exports[`renders correctly 1`] = `
<div>
  <h1 />
  <figure>
    <img
      alt=""
      src=""
    />
  </figure>
  <p>
    100
     Followers
  </p>
</div>
`;
