// Jest Snapshot v1, https://goo.gl/fbAQLP

exports[`renders correctly 1`] = `
<div>
  <figure>
    <figcaption>
      <a
        href="/users//playlists/"
        onClick={[Function]}
      >
        
      </a>
    </figcaption>
  </figure>
  <p>
    Playlist
  </p>
  <h1 />
  <p>
    Created by
     
    <a
      href="/users/"
      onClick={[Function]}
    >
      
    </a>
     
    Â·
     
     
    songs
  </p>
  <p>
    <button
      className="button"
      type="button"
    >
      Play
    </button>
  </p>
  <table>
    <tbody />
  </table>
</div>
`;
