// Vitest Snapshot v1, https://vitest.dev/guide/snapshot.html

exports[`renders correctly 1`] = `
<nav>
  <ul>
    <li>
      <a
        href="/"
      >
        Home
      </a>
    </li>
    <li>
      <a
        href="/browse"
      >
        Browse
      </a>
    </li>
  </ul>
</nav>
`;
