// Jest Snapshot v1, https://goo.gl/fbAQLP

exports[`renders correctly 1`] = `
<aside
  class="aside aside--left"
>
  Aside
</aside>
`;
