// Jest Snapshot v1, https://goo.gl/fbAQLP

exports[`renders correctly 1`] = `
<tr>
  <td>
    0
  </td>
  <td>
    
  </td>
  <td>
    00:00
  </td>
</tr>
`;
