// Jest Snapshot v1, https://goo.gl/fbAQLP

exports[`renders correctly 1`] = `
<img
  alt=""
  height={0}
  src=""
  width={0}
/>
`;
