// Jest Snapshot v1, https://goo.gl/fbAQLP

exports[`Artist component renders correctly 1`] = `
<figure>
  <img
    alt=""
    height={0}
    src=""
    width={0}
  />
  <figcaption>
    <h2>
      
    </h2>
  </figcaption>
</figure>
`;
