// Jest Snapshot v1, https://goo.gl/fbAQLP

exports[`renders correctly 1`] = `
<div>
  <div
    className="error"
  >
    
  </div>
  <div>
    <h1>
      
    </h1>
    <p>
      0
       
      Followers
    </p>
  </div>
</div>
`;
