// Jest Snapshot v1, https://goo.gl/fbAQLP

exports[`renders correctly 1`] = `
<figure
  className="category"
>
  <figcaption>
    <a
      href="/browse/categories//playlists"
      onClick={[Function]}
    >
      
    </a>
  </figcaption>
</figure>
`;
